[2026-10-03T20:33:19.391593+00:00] diagnostico_paginacao(901323507381)
[DIAGNOSTICO] list_id=901323507381 subtasks=false include_closed=true | paginas=[{'page': 0, 'qtd_retornada': 29, 'last_page_field': True}] | total_bruto=29 | ids_unicos=29 | duplicados=0
----------------------------------------------------------------------
[2026-10-03T23:29:55.512477+00:00] diagnostico_paginacao(901326954601)
[DIAGNOSTICO] list_id=901326954601 subtasks=false include_closed=true | paginas=[{'page': 0, 'qtd_retornada': 41, 'last_page_field': True}] | total_bruto=41 | ids_unicos=41 | duplicados=0
----------------------------------------------------------------------
[2026-10-03T23:29:56.070561+00:00] diagnostico_paginacao(901318773612)
[DIAGNOSTICO] list_id=901318773612 subtasks=false include_closed=true | paginas=[{'page': 0, 'qtd_retornada': 60, 'last_page_field': True}] | total_bruto=60 | ids_unicos=60 | duplicados=0
----------------------------------------------------------------------
[2026-10-03T23:29:56.355065+00:00] diagnostico_paginacao(901328009767)
[DIAGNOSTICO] list_id=901328009767 subtasks=false include_closed=true | paginas=[{'page': 0, 'qtd_retornada': 27, 'last_page_field': True}] | total_bruto=27 | ids_unicos=27 | duplicados=0
----------------------------------------------------------------------
[2026-10-03T23:29:56.776452+00:00] diagnostico_paginacao(901326962545)
[DIAGNOSTICO] list_id=901326962545 subtasks=false include_closed=true | paginas=[{'page': 0, 'qtd_retornada': 7, 'last_page_field': True}] | total_bruto=7 | ids_unicos=7 | duplicados=0
----------------------------------------------------------------------
[2026-10-03T23:29:57.535675+00:00] diagnostico_paginacao(901318774255)
[DIAGNOSTICO] list_id=901318774255 subtasks=false include_closed=true | paginas=[{'page': 0, 'qtd_retornada': 67, 'last_page_field': True}] | total_bruto=67 | ids_unicos=67 | duplicados=0
----------------------------------------------------------------------
[2026-10-03T23:29:57.536375+00:00] sync_leader_board(gustavo_tasks.json)
Fetch retornou 67 tarefas, mais do que era esperado a partir das 40 que já existiam. Mantendo dados anteriores intactos para não arriscar perder ou duplicar informação real.
----------------------------------------------------------------------
[2026-10-03T23:29:58.042417+00:00] diagnostico_paginacao(901323507381)
[DIAGNOSTICO] list_id=901323507381 subtasks=false include_closed=true | paginas=[{'page': 0, 'qtd_retornada': 29, 'last_page_field': True}] | total_bruto=29 | ids_unicos=29 | duplicados=0
----------------------------------------------------------------------
[2026-10-04T04:07:39.097316+00:00] diagnostico_paginacao(901326954601)
[DIAGNOSTICO] list_id=901326954601 subtasks=false include_closed=true | paginas=[{'page': 0, 'qtd_retornada': 41, 'last_page_field': True}] | total_bruto=41 | ids_unicos=41 | duplicados=0
----------------------------------------------------------------------
[2026-10-04T04:07:40.084945+00:00] diagnostico_paginacao(901318773612)
[DIAGNOSTICO] list_id=901318773612 subtasks=false include_closed=true | paginas=[{'page': 0, 'qtd_retornada': 60, 'last_page_field': True}] | total_bruto=60 | ids_unicos=60 | duplicados=0
----------------------------------------------------------------------
[2026-10-04T04:07:40.490365+00:00] diagnostico_paginacao(901328009767)
[DIAGNOSTICO] list_id=901328009767 subtasks=false include_closed=true | paginas=[{'page': 0, 'qtd_retornada': 27, 'last_page_field': True}] | total_bruto=27 | ids_unicos=27 | duplicados=0
----------------------------------------------------------------------
[2026-10-04T04:07:40.937324+00:00] diagnostico_paginacao(901326962545)
[DIAGNOSTICO] list_id=901326962545 subtasks=false include_closed=true | paginas=[{'page': 0, 'qtd_retornada': 7, 'last_page_field': True}] | total_bruto=7 | ids_unicos=7 | duplicados=0
----------------------------------------------------------------------
[2026-10-04T04:07:41.994360+00:00] diagnostico_paginacao(901318774255)
[DIAGNOSTICO] list_id=901318774255 subtasks=false include_closed=true | paginas=[{'page': 0, 'qtd_retornada': 67, 'last_page_field': True}] | total_bruto=67 | ids_unicos=67 | duplicados=0
----------------------------------------------------------------------
[2026-10-04T04:07:41.995018+00:00] sync_leader_board(gustavo_tasks.json)
Fetch retornou 67 tarefas, mais do que era esperado a partir das 40 que já existiam. Mantendo dados anteriores intactos para não arriscar perder ou duplicar informação real.
----------------------------------------------------------------------
[2026-10-04T04:07:42.465187+00:00] diagnostico_paginacao(901323507381)
[DIAGNOSTICO] list_id=901323507381 subtasks=false include_closed=true | paginas=[{'page': 0, 'qtd_retornada': 29, 'last_page_field': True}] | total_bruto=29 | ids_unicos=29 | duplicados=0
----------------------------------------------------------------------
[2026-10-04T11:43:52.564989+00:00] diagnostico_paginacao(901326954601)
[DIAGNOSTICO] list_id=901326954601 subtasks=false include_closed=true | paginas=[{'page': 0, 'qtd_retornada': 41, 'last_page_field': True}] | total_bruto=41 | ids_unicos=41 | duplicados=0
----------------------------------------------------------------------
[2026-10-04T11:43:53.223356+00:00] diagnostico_paginacao(901318773612)
[DIAGNOSTICO] list_id=901318773612 subtasks=false include_closed=true | paginas=[{'page': 0, 'qtd_retornada': 60, 'last_page_field': True}] | total_bruto=60 | ids_unicos=60 | duplicados=0
----------------------------------------------------------------------
[2026-10-04T11:43:53.833842+00:00] diagnostico_paginacao(901328009767)
[DIAGNOSTICO] list_id=901328009767 subtasks=false include_closed=true | paginas=[{'page': 0, 'qtd_retornada': 27, 'last_page_field': True}] | total_bruto=27 | ids_unicos=27 | duplicados=0
----------------------------------------------------------------------
[2026-10-04T11:43:54.378862+00:00] diagnostico_paginacao(901326962545)
[DIAGNOSTICO] list_id=901326962545 subtasks=false include_closed=true | paginas=[{'page': 0, 'qtd_retornada': 7, 'last_page_field': True}] | total_bruto=7 | ids_unicos=7 | duplicados=0
----------------------------------------------------------------------
[2026-10-04T11:43:54.941300+00:00] diagnostico_paginacao(901318774255)
[DIAGNOSTICO] list_id=901318774255 subtasks=false include_closed=true | paginas=[{'page': 0, 'qtd_retornada': 67, 'last_page_field': True}] | total_bruto=67 | ids_unicos=67 | duplicados=0
----------------------------------------------------------------------
[2026-10-04T11:43:54.942038+00:00] sync_leader_board(gustavo_tasks.json)
Fetch retornou 67 tarefas, mais do que era esperado a partir das 40 que já existiam. Mantendo dados anteriores intactos para não arriscar perder ou duplicar informação real.
----------------------------------------------------------------------
[2026-10-04T11:43:55.362270+00:00] diagnostico_paginacao(901323507381)
[DIAGNOSTICO] list_id=901323507381 subtasks=false include_closed=true | paginas=[{'page': 0, 'qtd_retornada': 29, 'last_page_field': True}] | total_bruto=29 | ids_unicos=29 | duplicados=0
----------------------------------------------------------------------
[2026-10-04T16:22:45.907148+00:00] diagnostico_paginacao(901326954601)
[DIAGNOSTICO] list_id=901326954601 subtasks=false include_closed=true | paginas=[{'page': 0, 'qtd_retornada': 41, 'last_page_field': True}] | total_bruto=41 | ids_unicos=41 | duplicados=0
----------------------------------------------------------------------
[2026-10-04T16:22:46.536407+00:00] diagnostico_paginacao(901318773612)
[DIAGNOSTICO] list_id=901318773612 subtasks=false include_closed=true | paginas=[{'page': 0, 'qtd_retornada': 60, 'last_page_field': True}] | total_bruto=60 | ids_unicos=60 | duplicados=0
----------------------------------------------------------------------
[2026-10-04T16:22:46.958058+00:00] diagnostico_paginacao(901328009767)
[DIAGNOSTICO] list_id=901328009767 subtasks=false include_closed=true | paginas=[{'page': 0, 'qtd_retornada': 27, 'last_page_field': True}] | total_bruto=27 | ids_unicos=27 | duplicados=0
----------------------------------------------------------------------
[2026-10-04T16:22:47.480174+00:00] diagnostico_paginacao(901326962545)
[DIAGNOSTICO] list_id=901326962545 subtasks=false include_closed=true | paginas=[{'page': 0, 'qtd_retornada': 7, 'last_page_field': True}] | total_bruto=7 | ids_unicos=7 | duplicados=0
----------------------------------------------------------------------
[2026-10-04T16:22:48.025498+00:00] diagnostico_paginacao(901318774255)
[DIAGNOSTICO] list_id=901318774255 subtasks=false include_closed=true | paginas=[{'page': 0, 'qtd_retornada': 67, 'last_page_field': True}] | total_bruto=67 | ids_unicos=67 | duplicados=0
----------------------------------------------------------------------
[2026-10-04T16:22:48.026140+00:00] sync_leader_board(gustavo_tasks.json)
Fetch retornou 67 tarefas, mais do que era esperado a partir das 40 que já existiam. Mantendo dados anteriores intactos para não arriscar perder ou duplicar informação real.
----------------------------------------------------------------------
[2026-10-04T16:22:48.488537+00:00] diagnostico_paginacao(901323507381)
[DIAGNOSTICO] list_id=901323507381 subtasks=false include_closed=true | paginas=[{'page': 0, 'qtd_retornada': 29, 'last_page_field': True}] | total_bruto=29 | ids_unicos=29 | duplicados=0
----------------------------------------------------------------------
[2026-10-04T20:49:45.518527+00:00] diagnostico_paginacao(901326954601)
[DIAGNOSTICO] list_id=901326954601 subtasks=false include_closed=true | paginas=[{'page': 0, 'qtd_retornada': 41, 'last_page_field': True}] | total_bruto=41 | ids_unicos=41 | duplicados=0
----------------------------------------------------------------------
[2026-10-04T20:49:46.173524+00:00] diagnostico_paginacao(901318773612)
[DIAGNOSTICO] list_id=901318773612 subtasks=false include_closed=true | paginas=[{'page': 0, 'qtd_retornada': 60, 'last_page_field': True}] | total_bruto=60 | ids_unicos=60 | duplicados=0
----------------------------------------------------------------------
[2026-10-04T20:49:46.649366+00:00] diagnostico_paginacao(901328009767)
[DIAGNOSTICO] list_id=901328009767 subtasks=false include_closed=true | paginas=[{'page': 0, 'qtd_retornada': 27, 'last_page_field': True}] | total_bruto=27 | ids_unicos=27 | duplicados=0
----------------------------------------------------------------------
[2026-10-04T20:49:47.228868+00:00] diagnostico_paginacao(901326962545)
[DIAGNOSTICO] list_id=901326962545 subtasks=false include_closed=true | paginas=[{'page': 0, 'qtd_retornada': 7, 'last_page_field': True}] | total_bruto=7 | ids_unicos=7 | duplicados=0
----------------------------------------------------------------------
[2026-10-04T20:49:48.129054+00:00] diagnostico_paginacao(901318774255)
[DIAGNOSTICO] list_id=901318774255 subtasks=false include_closed=true | paginas=[{'page': 0, 'qtd_retornada': 67, 'last_page_field': True}] | total_bruto=67 | ids_unicos=67 | duplicados=0
----------------------------------------------------------------------
[2026-10-04T20:49:48.130042+00:00] sync_leader_board(gustavo_tasks.json)
Fetch retornou 67 tarefas, mais do que era esperado a partir das 40 que já existiam. Mantendo dados anteriores intactos para não arriscar perder ou duplicar informação real.
----------------------------------------------------------------------
[2026-10-04T20:49:48.820004+00:00] diagnostico_paginacao(901323507381)
[DIAGNOSTICO] list_id=901323507381 subtasks=false include_closed=true | paginas=[{'page': 0, 'qtd_retornada': 29, 'last_page_field': True}] | total_bruto=29 | ids_unicos=29 | duplicados=0
----------------------------------------------------------------------
[2026-10-04T23:48:54.332597+00:00] diagnostico_paginacao(901326954601)
[DIAGNOSTICO] list_id=901326954601 subtasks=false include_closed=true | paginas=[{'page': 0, 'qtd_retornada': 41, 'last_page_field': True}] | total_bruto=41 | ids_unicos=41 | duplicados=0
----------------------------------------------------------------------
[2026-10-04T23:48:55.020172+00:00] diagnostico_paginacao(901318773612)
[DIAGNOSTICO] list_id=901318773612 subtasks=false include_closed=true | paginas=[{'page': 0, 'qtd_retornada': 60, 'last_page_field': True}] | total_bruto=60 | ids_unicos=60 | duplicados=0
----------------------------------------------------------------------
[2026-10-04T23:48:55.451927+00:00] diagnostico_paginacao(901328009767)
[DIAGNOSTICO] list_id=901328009767 subtasks=false include_closed=true | paginas=[{'page': 0, 'qtd_retornada': 27, 'last_page_field': True}] | total_bruto=27 | ids_unicos=27 | duplicados=0
----------------------------------------------------------------------
[2026-10-04T23:48:55.880288+00:00] diagnostico_paginacao(901326962545)
[DIAGNOSTICO] list_id=901326962545 subtasks=false include_closed=true | paginas=[{'page': 0, 'qtd_retornada': 7, 'last_page_field': True}] | total_bruto=7 | ids_unicos=7 | duplicados=0
----------------------------------------------------------------------
[2026-10-04T23:48:56.521538+00:00] diagnostico_paginacao(901318774255)
[DIAGNOSTICO] list_id=901318774255 subtasks=false include_closed=true | paginas=[{'page': 0, 'qtd_retornada': 67, 'last_page_field': True}] | total_bruto=67 | ids_unicos=67 | duplicados=0
----------------------------------------------------------------------
[2026-10-04T23:48:56.522143+00:00] sync_leader_board(gustavo_tasks.json)
Fetch retornou 67 tarefas, mais do que era esperado a partir das 40 que já existiam. Mantendo dados anteriores intactos para não arriscar perder ou duplicar informação real.
----------------------------------------------------------------------
[2026-10-04T23:48:57.025963+00:00] diagnostico_paginacao(901323507381)
[DIAGNOSTICO] list_id=901323507381 subtasks=false include_closed=true | paginas=[{'page': 0, 'qtd_retornada': 29, 'last_page_field': True}] | total_bruto=29 | ids_unicos=29 | duplicados=0
----------------------------------------------------------------------
[2026-10-05T03:52:19.822723+00:00] diagnostico_paginacao(901326954601)
[DIAGNOSTICO] list_id=901326954601 subtasks=false include_closed=true | paginas=[{'page': 0, 'qtd_retornada': 41, 'last_page_field': True}] | total_bruto=41 | ids_unicos=41 | duplicados=0
----------------------------------------------------------------------
[2026-10-05T03:52:20.394283+00:00] diagnostico_paginacao(901318773612)
[DIAGNOSTICO] list_id=901318773612 subtasks=false include_closed=true | paginas=[{'page': 0, 'qtd_retornada': 60, 'last_page_field': True}] | total_bruto=60 | ids_unicos=60 | duplicados=0
----------------------------------------------------------------------
[2026-10-05T03:52:21.224878+00:00] diagnostico_paginacao(901328009767)
[DIAGNOSTICO] list_id=901328009767 subtasks=false include_closed=true | paginas=[{'page': 0, 'qtd_retornada': 27, 'last_page_field': True}] | total_bruto=27 | ids_unicos=27 | duplicados=0
----------------------------------------------------------------------
[2026-10-05T03:52:21.551292+00:00] diagnostico_paginacao(901326962545)
[DIAGNOSTICO] list_id=901326962545 subtasks=false include_closed=true | paginas=[{'page': 0, 'qtd_retornada': 7, 'last_page_field': True}] | total_bruto=7 | ids_unicos=7 | duplicados=0
----------------------------------------------------------------------
[2026-10-05T03:52:23.107271+00:00] diagnostico_paginacao(901318774255)
[DIAGNOSTICO] list_id=901318774255 subtasks=false include_closed=true | paginas=[{'page': 0, 'qtd_retornada': 67, 'last_page_field': True}] | total_bruto=67 | ids_unicos=67 | duplicados=0
----------------------------------------------------------------------
[2026-10-05T03:52:23.107879+00:00] sync_leader_board(gustavo_tasks.json)
Fetch retornou 67 tarefas, mais do que era esperado a partir das 40 que já existiam. Mantendo dados anteriores intactos para não arriscar perder ou duplicar informação real.
----------------------------------------------------------------------
[2026-10-05T03:52:23.545917+00:00] diagnostico_paginacao(901323507381)
[DIAGNOSTICO] list_id=901323507381 subtasks=false include_closed=true | paginas=[{'page': 0, 'qtd_retornada': 29, 'last_page_field': True}] | total_bruto=29 | ids_unicos=29 | duplicados=0
----------------------------------------------------------------------
